.rule_6_10_6_ensure_telnet_is_not_set

Reference: Requirement 2.3 and 8.2.1 -
https://www.pcisecuritystandards.org/documents/PCI_DSS_v3-2-1.pdf

Remediation: To disable Telnet access issue the following command from the [edit system telnet]
hierarchy;



[edit system services]
user@host# delete telnet

.