.rule_6_10_7_ensure_reverse_telnet_is_not_set

Reference: Requirement 2.3 and 8.2.1 -
https://www.pcisecuritystandards.org/documents/PCI_DSS_v3-2-1.pdf
security-reverse-telnet-reverse-ssh-configuring.html

Remediation: To disable Reverse Telnet access issue the following command from the [edit system
service] hierarchy;
[edit system services]
user@host#delete reverse telnet

.