.rule_6_10_9_ensure_finger_service_is_not_set

Reference: Requirement 2.2.2
access-remote-finger-service-configuring.html

Remediation: The Finger service is not enabled by default, however if it has been configured on your
router it can by disabled by issuing the following command from the [edit system
services] hierarchy;
[edit system services]
user@host#delete finger

.