.rule_6_8_4_ensure_ms_chapv2_radius_authentication

Reference: Juniper Networks
(http://www.juniper.net/techpubs/software/junos/junos93/swconfig-system-
basics/configuring-radius-authentication.html#id-10624913)
Requirements 7.2 and 8








Remediation: Configure RADIUS to use MS-CHAPv2 Authentication using the following commands under
the [edit system] hierarchy;
[edit system]
user@host#set radius-options password-protocol mschap-v2

.