.rule_2_4_2_ensure_snapshot_is_set

Reference: 
Remediation: Run the following command to take the snapshot.
CLI:
To take the snapshot run the following command on the device.
Hostname> add snapshot [snapshot_name]
GUI:
Navigate to Maintenance > Snapshot Management > New
Provide the Name and description for the snapshot





.