.rule_1_6_ensure_maximum_ram_is_installed

Reference: Security Agency (NSA)

Remediation: Installing the most RAM available for your system will both help to mitigate these attacks
and boost performance of your routers. In most cases RAM upgrades are extremely cost
effective way to increase router performance and survivability.

.