.rule_12_ensure_password_strength_is_strong_for_configured_user_names:



    Remediation:  Change the management user's password to one that meets the strong password requirements. The Wireless LAN Controller determines a password is strong if it meets the following requirements: • It is at least eight characters long. • It contains a combination of upper- and lowercase letters, numbers, and symbols. • It is not a word in any language.   The new password can be applied using:
                  (Cisco Controller) ><strong>config mgmtuser password</strong> <username> <password>

.
