.rule_3317_set_authentication_mode_md5:

   References: 1. http://www.cisco.com/en/US/docs/ios-xml/ios/iproute_eigrp/command/ire-i1.html#GUID-67388D6C-AE9C-47CA-8C35-2A2CF9FA668E
               2. http://www.cisco.com/en/US/docs/ios-xml/ios/iproute_eigrp/command/ire-a1.html#GUID-C03CFC8A-3CE3-4CF9-9D65-52990DBD3377
               3. http://www.cisco.com/en/US/docs/ios-xml/ios/iproute_eigrp/command/ire-a1.html#GUID-A29E0EF6-4CEF-40A7-9824-367939001B73

   Remediation: hostname(config)#router eigrp <virtual-instance-name>
                hostname(config-router)#address-family ipv4 autonomous-system {eigrp_as-number}
                hostname(config-router-af)#af-interface {interface-name}
                hostname(config-router-af-interface)#authentication mode md5

.
