.rule_3319_set_ip_authetnication_mode_eigrp:

   References: 1. http://www.cisco.com/en/US/docs/ios-xml/ios/interface/command/ir-i1.html#GUID-0D6BDFCD-3FBB-4D26-A274-C1221F8592DF
               2. http://www.cisco.com/en/US/docs/ios-xml/ios/iproute_eigrp/command/ire-i1.html#GUID-8D1B0697-8E96-4D8A-BD20-536956D68506

   Remediation: hostname(config)#interface {<em>interface_name</em>}
                hostname(config-if)#ip authentication mode eigrp {<em><span>eigrp_as-number</span></em><span>}</span> md5
.
