.rule_5_9_ensure_snmp_is_set_to_oob_management_only

Reference: Software Management Configuration Guide, Juniper Networks

Remediation: To restrict SNMP to required interfaces issue the following command from the [edit
snmp] hierarchy;
[edit snmp]
user@host#set interface <interface or interface list>
To delete an existing interface from the list issue the following command from the [edit
snmp] hierachy;
[edit snmp]
user@host#delete interface <interface>

.