.rule_5_7_ensure_sha1_is_set_for_snmpv3_authentication

Reference: Guide, Juniper Networks

Remediation: For each SNMPv3 user created on your router add privacy options by issuing the following
command from the [edit snmp v3 usm local-engine] hierarchy;
[edit snmp v3 usm local-engine]
user@host#set user <username> authentication-sha authentication-password
<password>

.