.rule_6_10_3_2_ensure_xnm_ssl_connection_limit_is_set

Reference: Configuration Guide, Juniper Networks
(http://www.juniper.net/techpubs/software/junos/junos93/swconfig-system-
basics/configuring-ssl-service-for-junoscript-client-applications.html)
products/pathway-pages/junos-xml-management-protocol/junos-xml-
management-protocol.html

Remediation: The XNM-SSL Connection Limit can be configured by issuing the following command from
the [edit system services xnm-ssl] hierarchy;



[edit system services xnm-ssl]
user@host#set connection-limit <limit>
Where <limit> is the permitted number of concurrent connections required.

.