.rule_2_1_2_ensure_message_of_the_day_motd_is_set

Reference: 
Remediation: Run the following command to enable and configured the MOTD setting.
CLI:
Hostname> set message motd on msgvalue "MOTD BANNER"




GUI:
Navigate to System Management -> Messages -> Message of the day
Checked the Message of the day and add "MOTD Banner".

.