.rule_2_1_1_ensure_login_banner_is_set

Reference: 
Remediation: Run the following command to enable and set the Banner.
CLI:
Hostname>set message banner on msgvalue "Organization_Banner"





GUI:
Navigate to System Management > Messages
Checked the Banner message and configured the organization defined banner.

.