.rule_2_1_5_ensure_unused_interfaces_are_disabled

Reference: 
Remediation: Run the following command disable the unused interface.
CLI:
Hostname> set interface <Interface_Number> state off
GUI:
Navigate to Network Management > Network Interfaces > Open unused Interface >
unchecked Enable

.