.rule_1_2_4_ensure_unused_interfaces_is_disable

Reference: /asa_90_cli_config/ha_active_standby.html

Remediation: 
Step 1: Identify the physical name <interface_physical_name> of the unused
interfaces that are not disabled

Step 2: For each of the identified interfaces, run the following command
Hostname(config)#interface <interface_physical_name>
Hostname(config-if)#shutdown

.