.rule_241_create_a_single_interface_loopback:


    Reference:    1. http://www.cisco.com/en/US/docs/ios-xml/ios/interface/command/ir-i1.html#GUID-0D6BDFCD-3FBB-4D26-A274-C1221F8592DF


    Remediation:  Define and configure one loopback interface.
                  hostname(config)#interface loopback <<em>number</em>>
                  hostname(config-if)#ip address <<em>loopback_ip_address</em>> <<em>loopback_subnet_mask</em>>

.
