.rule_129_set_transport_input_none_for_line_aux_0:


    Reference:    1. http://www.cisco.com/en/US/docs/ios/termserv/command/reference/tsv_s1.html#wp1069219


    Remediation:  Disable the inbound connections on the auxiliary port.
                  hostname(config)#line aux 0
                  hostname(config-line)#transport input none

.
