.rule_226_set_service_timestamps_debug_datetime:


    Reference:    1. http://www.cisco.com/en/US/docs/ios-xml/ios/fundamentals/command/R_through_setup.html#GUID-DC110E59-D294-4E3D-B67F-CCB06E607FC6


    Remediation:  Configure debug messages to include timestamps.
                  hostname(config)#service timestamps debug datetime {<em>msec</em>} show- timezone

.
