.rule_1_1_1_2_radius

Reference: 5/system-security/configuration/guide/b-system-security-cg-asr9000-
75x/configuring-aaa-services.html

Remediation: For complete instructions how to configure AAA please refer to the configuration guide.
Below you can find some minimum config snippets to implement a radius or tacacs+
server group.
radius-server host {radius_ip_address}
key {radius_key}

aaa group server radius {radius_group_name}
server radius_ip_address}

.