.rule_6_6_10_ensure_at_least_4_set_changes_in_local_passwords

Reference: Agency (NSA)
Requirement 8.1.

Remediation: Configure the minimum character set changes using the following command under the
[edit system] hierarchy:
[edit system]
user@host#set login passwords minimum-changes 4





.