.rule_6_6_1_4_ensure_minimum_session_time_of_at_least_20_seconds

Reference: Configuration Guide, Juniper Network
(http://www.juniper.net/techpubs/software/junos-security/junos-
security95/junos-security-admin-guide/config-passwd-retry-telnet-
ssh.html#config-passwd-retry-telnet-ssh)

Remediation: Configure the Minimum Session Time using the following command under the [edit
system] hierarchy:
[edit system]
user@host#set login retry-options minimum-time

.