.rule_6_6_11_ensure_local_passwords_are_at_least_10_characters

Reference: Agency (NSA)
Requirement 8.1.

Remediation: Configure the minimum characters for passwords using the following command under the
[edit system] hierarchy:
[edit system]
user@host#set login passwords minimum-length 8

.