.rule_6_6_1_1_ensure_max_3_failed_login_attempts

Reference: Agency (NSA)
Configuration Guide, Juniper Network
(http://www.juniper.net/techpubs/software/junos-security/junos-
security95/junos-security-admin-guide/config-passwd-retry-telnet-
ssh.html#config-passwd-retry-telnet-ssh)

Remediation: Configure the number of tried before disconnect using the following command under the
[edit system] hierarchy:
[edit system]
user@host#set login retry-options tries-before-disconnect

.