.rule_157_set_snmp_server_host_when_using_snmp:


    Reference:    1. http://www.cisco.com/en/US/docs/ios-xml/ios/snmp/command/nm-snmp-cr-s5.html#GUID-D84B2AB5-6485-4A23-8C26-73E50F73EE61


    Remediation:  Configure authorized SNMP trap community string and restrict sending messages to authorized management systems.
                  hostname(config)#snmp-server host {ip_address} {trap_community_string} {notification-type}

.
