.rule_1510_require_aes_128_as_minimum_for_snmp_server_user_when_using_snmpv3:


    Reference:    1. http://www.cisco.com/en/US/docs/ios-xml/ios/snmp/command/nm-snmp-cr-s5.html#GUID-4EED4031-E723-4B84-9BBF-610C3CF60E31


    Remediation:  For each SNMPv3 user created on your router add privacy options by issuing the following command.
                  hostname(config)#snmp-server user {user_name} {group_name} v3 auth sha {auth_password} priv aes 128 {priv_password} {acl_name_or_number}

.
