.rule_158_set_snmp_server_enable_traps_snmp:


    Reference:    1. http://www.cisco.com/en/US/docs/ios-xml/ios/snmp/command/nm-snmp-cr-s3.html#GUID-EB3EB677-A355-42C6-A139-85BA30810C54


    Remediation:  Enable SNMP traps.
                  hostname(config)#snmp-server enable traps snmp authentication linkup linkdown coldstart

.
