.rule_152_unset_private_for_snmp_server_community:


    Reference:    1. http://www.cisco.com/en/US/docs/ios-xml/ios/snmp/command/nm-snmp-cr-s2.html#GUID-2F3F13E4-EE81-4590-871D-6AE1043473DE


    Remediation:  Disable the default SNMP community string private
                  hostname(config)#no snmp-server community {private}

.
