.rule_154_do_not_set_rw_for_any_snmp_server_community:


    Reference:    1. http://www.cisco.com/en/US/docs/ios-xml/ios/snmp/command/nm-snmp-cr-s2.html#GUID-2F3F13E4-EE81-4590-871D-6AE1043473DE


    Remediation:  Disable SNMP write access.
                  hostname(config)#no snmp-server community {<em>write_community_string</em>}

.
