.rule_143_set_username_secret_for_all_local_users:


    Reference:    1. https://www.cisco.com/c/en/us/td/docs/switches/lan/catalyst9600/software/release/16-12/configuration_guide/sec/b_1612_sec_9600_cg/controlling_switch_access_with_passwords_and_privilege_levels.html


    Remediation:  Create a local user with an encrypted, complex (not easily guessed) password.
                  hostname(config)#username {{em}LOCAL_USERNAME{/em}} secret {{em}LOCAL_PASSWORD{/em}}

.
