.rule_141_set_password_for_enable_secret:


    Reference:    1. https://www.cisco.com/c/en/us/td/docs/switches/lan/catalyst9600/software/release/16-12/configuration_guide/sec/b_1612_sec_9600_cg/controlling_switch_access_with_passwords_and_privilege_levels.html0
    Additional Information: Note: You cannot recover a lost encrypted password. You must clear NVRAM and set a new password.


    Remediation:  Configure a strong, enable secret password.
                  hostname(config)#enable secret 9 {ENABLE_SECRET_PASSWORD}

.
