.rule_6_7_3_ensure_ntp_boot_server_is_set

Reference: Guide](https://www.juniper.net/documentation/en_US/junos/information-
products/pathway-pages/system-basics/time-management.html)
Requirement 10.4
Paper](https://www.cisco.com/c/en/us/support/docs/availability/high-
availability/19643-ntpm.html)

Remediation: To configure an NTP Boot Server, enter the following command from the [edit system
ntp] hierarchy;
[edit system ntp]
user@host#set ntp boot-server <Server IP or Hostname>

.