.rule_6_7_2_ensure_multiple_external_ntp_servers_are_set

Reference: Guide](https://www.juniper.net/documentation/en_US/junos/information-
products/pathway-pages/system-basics/time-management.html)



Requirement 10.4
Paper](https://www.cisco.com/c/en/us/support/docs/availability/high-
availability/19643-ntpm.html)
Servers](https://support.ntp.org/bin/view/Support/SelectingOffsiteNTPServers)

Remediation: Configure at least 3 External NTP Servers using the following commands under the [edit
system] hierarchy;
[edit system]
user@host#set ntp server <Servers IP>

.