.rule_6_7_1_ensure_external_ntp_servers_are_set

Reference: Guide](https://www.juniper.net/documentation/en_US/junos/information-
products/pathway-pages/system-basics/time-management.html)
Requirement 10.4
Paper](https://www.cisco.com/c/en/us/support/docs/availability/high-
availability/19643-ntpm.html)

Remediation: Configure at least one External NTP Server using the following commands under the [edit
system] hierarchy;
[edit system]
user@host#set ntp server <Servers IP>

.