.rule_6_10_2_5_ensure_session_limited_is_set_for_web_management

Reference: tion-statement/system-edit-web-management.html

Remediation: To enable Session limits for JWeb issue the following command from the [edit system
services web-management] hierarchy;
[edit system services web-management]
user@host#set session-limit 5






.