.rule_111_enable_aaa_new_model:


    Reference:    1. http://www.cisco.com/en/US/docs/ios-xml/ios/security/a1/sec-cr-a2.html#GUID-E05C2E00-C01E-4053-9D12-EC37C7E8EEC5


    Remediation:  Globally enable authentication, authorization and accounting (AAA) using the new- model command. hostname(config)#aaa new-model

.
