.rule_118_set_aaa_accounting_exec:


    Reference:    1. http://www.cisco.com/en/US/docs/ios-xml/ios/security/a1/sec-cr-a1.html#GUID-0520BCEF-89FB-4505-A5DF-D7F1389F1BBA


    Remediation:  Configure AAA accounting for EXEC shell session. hostname(config)#aaa accounting exec {default | list-name | guarantee-first} {start-stop | stop-only | none} {radius | group group-name}

.
