.rule_312_set_no_ip_proxy_arp:


    Reference:    1. http://www.cisco.com/en/US/docs/ios-xml/ios/ipaddr/command/ipaddr-i4.html#GUID-AEB7DDCB-7B3D-4036-ACF0-0A0250F3002E


    Remediation:  Disable proxy ARP on all interfaces.
                  hostname(config)#interface {interface}
                  hostname(config-if)#no ip proxy-arp

.
