.rule_313_set_no_interface_tunnel:


    Reference:    1. http://www.cisco.com/en/US/docs/ios-xml/ios/interface/command/ir-i1.html#GUID-0D6BDFCD-3FBB-4D26-A274-C1221F8592DF


    Remediation:  Remove any tunnel interfaces.
                  hostname(config)#no interface tunnel {<em>instance</em>}

.
