.rule_2_1_1_1_authentication

Reference: 9/routing/configuration/guide/xr12krc39_chapter2.html

Remediation: Configure the EIGRP address family.


IOSXR(config)#router eigrp {AS_number}
IOSXR(config-eigrp)# address-family ipv4
IOSXR(config-eigrp-af)#  interface {interface}
IOSXR(config-eigrp-af-if)#authentication keychain {key_chain_name}

.