.rule_1_8_2_disable_ipxe_pre_boot_execution_environment

Reference: 
Remediation: Setting the boot order explicity to "bootflash" will remediate a PXE configured device.
switch(config)# boot order bootflash
You can also "no" the current boot order line to revert to the default setting. For
instance, to remove the configuration line "boot order pxe bootflash" command, use
switch(config)# no boot order pxe bootflash

.