.rule_6_2_1_ensure_archive_on_commit

Reference: (http://www.juniper.net/techpubs/software/junos/junos92/swconfig-system-
basics/archival.html)

Remediation: To enable Archival on commit issue the following commands from the [edit system]
hierarchy;
[edit system]
user@host#set archival configuration transfer-on-commit





.