.rule_216_set_service_tcp_keepalives_in:


    Reference:    1. http://www.cisco.com/en/US/docs/ios-xml/ios/fundamentals/command/R_through_setup.html#GUID-1489ABA3-2428-4A64-B252-296A035DB85E


    Remediation:  Enable TCP keepalives-in service:
                  hostname(config)#service tcp-keepalives-in

.
