.rule_217_set_service_tcp_keepalives_out:


    Reference:    1. http://www.cisco.com/en/US/docs/ios-xml/ios/fundamentals/command/R_through_setup.html#GUID-9321ECDC-6284-4BF6-BA4A-9CEEF5F993E5


    Remediation:  Enable TCP keepalives-out service:
                  hostname(config)#service tcp-keepalives-out

.
