.rule_21113_set_modulus_to_greater_than_or_equal_to_2048_for_crypto_key_generate_rsa:


    Reference:    1. http://www.cisco.com/en/US/docs/ios-xml/ios/security/a1/sec-cr-c4.html#GUID-2AECF701-D54A-404E-9614-D3AAB049BC13


    Remediation:  Generate an RSA key pair for the router.
                  hostname(config)#crypto key generate rsa general-keys modulus <em>2048</em>

.
