.rule_21112_set_the_ip_domain_name:


    Reference:    1. http://www.cisco.com/en/US/docs/ios-xml/ios/ipaddr/command/ipaddr-i3.html#GUID-A706D62B-9170-45CE-A2C2-7B2052BE2CAB


    Remediation:  Configure an appropriate domain name for the router.
                  hostname (config)#ip domain-name {<em>domain-name</em>}

.
