.rule_21111_set_the_hostname:


    Reference:    1. http://www.cisco.com/en/US/docs/ios-xml/ios/fundamentals/command/F_through_K.html#GUID-F3349988-EC16-484A-BE81-4C40110E6625


    Remediation:  Configure an appropriate host name for the router.
                  hostname(config)#hostname {<em>router_name</em>}

.
