.rule_1_8_2_set_username_secret_for_all_local_users

Reference: 5/system-security/configuration/guide/b-system-security-cg-asr9000-65x/b-
system-security-cg-asr9000-71x_chapter_010.html#concept_js2_ll3_jmb

Remediation: IOSXR# configure
IOSXR(config)#username {local_username}
IOSXR(config)#secret {local_password}

commit

.