.rule_2312_set_ntp_authentication_key:


    Reference:    1. http://www.cisco.com/en/US/docs/ios-xml/ios/bsm/command/bsm-cr-n1.html#GUID-0435BFD1-D7D7-41D4-97AC-7731C11226BC


    Remediation:  Configure at the NTP key ring and encryption key using the following command
                  hostname(config)#ntp authentication-key {ntp_key_id} md5 {ntp_key_hash}

.
