.rule_4_2_7_ensure_csnp_authentication_check_is_not_set_to_suppressed

Reference: Guide, Juniper Networks

Remediation: If you have deployed IS-IS in your network and have disabled CSNP authentication
checking, re-enable it by issuing the following command from the [edit protocols isis]
hierarchy for each level at which it was set:
[edit protocols isis]
user@host#delete level <level> no-csnp-authentication




.