.rule_4_2_4_ensure_loose_authentication_check_is_not_configured

Reference: guidelines/routing-enabling-authentication-for-is-is-without-network-wide-
deployment.html
guidelines/routing-configuring-is-is-authentication.html

Remediation: If you have deployed IS-IS in your network and have enabled loose authentication checking,
re-enable it by issuing the following command from the [edit protocols isis] hierarchy:
[edit protocols isis]
user@host#delete loose-authentication-check

.