.rule_3_9_ensure_only_one_loopback_address_is_set

Reference: Security Agency (NSA)

Remediation: To remove an additional loopback addresses enter the following command from the [edit
interfaces] hierarchy for each address to be removed:
[edit interfaces]
user@host#delete lo0 unit <unit number> family <address family> address
<address to be removed>

.