.rule_3_4_2_configure_cdp

Reference: x/system_management/configuration/guide/b_Cisco_Nexus_9000_Series_NX-
OS_System_Management_Configuration_Guide_7x/b_Cisco_Nexus_9000_Seri
es_NX-OS_System_Management_Configuration_Guide_7x_chapter_0101.html

Remediation: Enabling CDP Globally
switch(config)# cdp enable
Enabling on one interface
switch(config)# int Ethernet x/y
switch(config-if)# cdp enable
To disable CDP globally:
switch(config-if)# no cdp enable
To disable CDP on one interface only:
switch(config)# int Ethernet x/y
switch(config-if)# no cdp enable

.