.rule_1_5_5_set_snmp_server_host_when_using_snmp

Reference: s5.html#GUID-D84B2AB5-6485-4A23-8C26-73E50F73EE61



Remediation: Configure authorized SNMP trap community string and restrict sending messages to
authorized management systems.

IOSXR(config)#snmp-server host {ip_address} version {snmp_version}
{encryption-type} {trap_community_string}

.