.rule_1_5_7_set_priv_for_each_snmp_server_group_using_snmpv3

Reference: s5.html#GUID-56E87D02-C56F-4E2D-A5C8-617E31740C3F



Remediation: For each SNMPv3 group created on your router add privacy options by issuing the
following command...
IOSXR(config)#snmp-server group {snmp_group_name} v3 priv IPv4 {snmp_access-
list}

.