.rule_1_9_1_2_ensure_ntp_authentication_key_is_configured_correctly

Reference: al/asa-96-general-config/basic-hostname-pw.html

Remediation: 
Step 1: Run the following to set the authentication key ID <key_id>
hostname(config)# ntp trusted-key <key_id>

Step 2: Run the following to configure the authentication key <authentication_key>
hostname(config)# ntp authentication-key <key_id> md5 <authentication_key>

.