.rule_3334_set_ip_rip_authentication_key_chain:

    References:  1. http://www.cisco.com/en/US/docs/ios-xml/ios/interface/command/ir-i1.html#GUID-0D6BDFCD-3FBB-4D26-A274-C1221F8592DF
                 2. http://www.cisco.com/en/US/docs/ios-xml/ios/iproute_rip/command/irr-cr-rip.html#GUID-C1C84D0D-4BD0-4910-911A-ADAB458D0A84

    Remediation:  hostname(config)#interface {<em>interface_name</em>}
                  hostname(config-if)#ip rip authentication key-chain {<em>rip_key-chain_name</em>}

.
