.rule_1_4_3_5_ensure_aaa_authentication_ssh_console_is_configured_correctly

Reference: 
Remediation: Configure the aaa authentication ssh using the TACACS+ server-group as primary method
and the local database as backup method.
hostname(config)#aaa authentication ssh console <server-group_name> local




.