.rule_1_7_2_ensure_tls_1_2_is_set_for_https_access

Reference: 
Remediation: For version 8.x, run the following command to enable AES 256 algorithm

hostname(config)# ssl encryption aes256-sha1



For version 9.x, run the following command to enable AES 256 algorithm

hostname(config)# ssl cipher tlsv1.2

.