.rule_1_1_1_ensure_logon_password_is_set

Reference: al/asa_91_general_config/basic_hostname_pw.html

Remediation: Run the following to set the login password.
hostname(config)#passwd <login_password>
The login_password parameter should be the plain-text password used to log into the
system

.