.rule_1_1_2_ensure_enable_password_is_set

Reference: al/asa_91_general_config/basic_hostname_pw.html

Remediation: Run the following to set the enable password.
hostname(config)#enable password <enable_password> level <privilege_level>



The enable password parameter should be the plain-text password used to log into the
enable mode
If the privilege level is not configured, the default one is 15

.