.rule_132_set_the_banner_text_for_banner_login:


    Reference:    1. http://www.cisco.com/en/US/docs/ios-xml/ios/fundamentals/command/A_through_B.html#GUID-FF0B6890-85B8-4B6A-90DD-1B7140C5D22F


    Remediation:  Configure the device so a login banner presented to a user attempting to access the device.
                  hostname(config)#banner login c Enter TEXT message. End with the character 'c'. <banner-text> c

.
