.rule_1_10_10_ensure_logging_trap_severity_level_is_greater_than_or_equal_to_5

Reference: al/asa_91_general_config/monitor_syslog.htmll

Remediation: 
Step 1: Run the following command to verify logging trap is equal to 5:
hostname(config)# logging trap 5
The severity level can be chosen between 0 and 7




.