.rule_1_10_9_ensure_logging_buffered_severity_level_is_greater_than_or_equal_to_3

Reference: al/asa-95-general-config/monitor-syslog.html

Remediation: 
Step 1: Run the following command to set the Logging Buffered to greater than or
equal to 3:
hostname(config)# logging buffered 3



The severity level can be chosen between 0 through 7

.