.rule_1_10_6_ensure_logging_history_severity_level_is_set_to_greater_than_or_equal_to_5

Reference: al/asa-95-general-config/monitor-syslog.html

Remediation: 
Step 1: Run the following command to set the logging level to 5:
hostname(config)# logging history 5
The severity level can be chosen between 0 and 7




.