.rule_1_5_6_do_not_configure_a_read_write_snmp_community_string

Reference: 
Remediation: Only use RO groups for SNMPv2. The most common implementation is "network-
operator", because if you use the legacy syntax:
switch(config)# snmp-server community <some complex string> ro
the switch will translate this to the new syntax, using "network-operator" group


switch(config)# snmp-server community <some complex string> group network-
operator

.