.rule_1_4_5_2_ensure_aaa_accounting_for_ssh_is_configured_correctly

Reference: guides/cli/general/asa-94-general-config/aaa-local.html

Remediation: Run the following in order to record ssh session start and stop and to send them to the AAA
servers



hostname(config)#aaa accounting ssh console <server-group_name>

.