.rule_6_15_ensure_multicast_echo_is_set_to_disabled

Reference: statement/no-multicast-echo-edit-system.html
multicast-ping-packet-response-disabling.html

Remediation: To ignore multicast Echo Requests, issue the following command from the [edit system]
hierarchy;



[edit system]
user@host#set no-multicast-echo

.