.rule_6_22_ensure_icmp_redirects_are_disabled_for_ipv6

Reference: tion-statement/no-redirects-ipv6-edit-system-interfaces-ex-series.html

Remediation: To disable ICMP redirects globally for IPv6, issue the following command from the [edit
system] hierarchy:
[edit system]
user@host# set no-redirects-ipv6

.