.rule_6_17_ensure_ping_timestamps_are_set_to_disabled

Reference: cmp-ip-address-timestamp-disabling.html
tion-statement/no-ping-time-stamp-edit-system.html

Remediation: To ignore Echo Requests with the Timestamp Request option set, issue the following
command from the [edit system] hierarchy;



[edit system]
user@host#set no-ping-time-stamp

.