.rule_6_20_ensure_default_address_selection_is_set

Reference: Security Agency (NSA)
tion-statement/default-address-selection-edit-system.html

Remediation: To set the default source address to the loopback interface enter the following command
from the [edit system] hierarchy:
[edit system]
user@host#set default-address-selection



Ensure that a loopback address has been configured for the device from the [edit
interfaces lo0] hierarchy.

.