.rule_2_5_3_ensure_client_authentication_is_secured

Reference: 
Remediation: Comment out or remove the following line from $FWDIR/conf/fwauthd.conf file, or disable
the telnet service listening on port 259 by default, write a rule that prevents connections to
the daemon in the rulebase.
#259    fwssd       in.aclientd     wait    259
Edit the following line to include SSL setting in $FWDIR/conf/fwauthd.conf file.
900     fwssd       in.ahclientd    wait    900 ssl:defaultCert

.