.rule_1_3_2_ensure_image_authenticity_is_correct

Reference: 
Remediation: 
Step 1: Correct the errors on the hardware and software

Step 2: Run the audit procedure until the system is compliant




Step 3: Implement secure delivery of hardware and harden the software
distribution server

.