.rule_2_2_4_ensure_snmp_traps_receivers_is_set

Reference: 
Remediation: Run the following command to Configure the SNMP traps receivers.
CLI:
Hostname> add snmp traps receiver 10.10.168.86 version v3
GUI:
Navigate to System Management > SNMP > Trap Receivers Setting > Add > Add IP
Address Version details.






.