.rule_1_5_ensure_password_expiration_is_set_to_90_days

Reference: 
Remediation: Run the following command to set the history-length setting.
CLI:
Hostname>set password-controls history-length 90
GUI:
Navigate to User Management > Password Policy > Mandatory Password Changes:
Password Expiration:
Set 'Password expires after' setting to 90 or less





.