.rule_1_1_ensure_minimum_password_length_is_set_to_14_or_higher

Reference: 
Remediation: Run the following command to set the min-password-length setting.
CLI:
Hostname>set password-controls min-password-length 14
GUI:
Navigate to User Management > Password Policy
Ensure 'Minimum Password Length' is set to 14 or higher.





.