.rule_1_10_ensure_force_users_to_change_password_at_first_login_after_password_was_changed_from_users_page_is_selected

Reference: 
Remediation: Run the following command to set force-change-when setting.
CLI:
Hostname>set password-controls force-change-when password
GUI:
Navigate to User Management > Password Policy > Mandatory Password Change:
Checked the 'Force users to change password at first login after password was
changed from Users page' setting.






.