.rule_1_3_ensure_password_complexity_is_set_to_3

Reference: 
Remediation: Run the following command to set the password-controls complexity setting.
CLI:
Hostname>set password-controls complexity 3





GUI:
Navigate to User Management > Password Policy > Password Complexity:
checked the '3 - Require three character types' setting.

.