.rule_1_7_ensure_lockout_users_after_password_expiration_is_set_to_1

Reference: 
Remediation: Run the following command to set the expiration-lockout-days setting.
CLI:
Hostname>set password-controls expiration-lockout-days 1





GUI:
Navigate to User Management > Password Policy > Mandatory Password Changes >
Lockout users after password expiration:
Checked 'Lockout user after' setting and set to 1 day.

.