.rule_1_6_ensure_warn_users_before_password_expiration_is_set_to_7_days

Reference: 
Remediation: Run the following command to set the expiration-warning-days setting.
CLI:
Hostname>set password-controls expiration-warning-days 7
GUI:
Navigate to User Management > Password Policy > Mandatory Password Changes
Set 'Warn users before password expiration' is set to 7 days or less.






.