.rule_1_4_2_configure_password_encryption

Reference: os/security/configuration/guide/b_Cisco_Nexus_7000_NX-
OS_Security_Configuration_Guide__Release_5-x/b_Cisco_Nexus_7000_NX-
OS_Security_Configuration_Guide__Release_5-x_chapter_010101.html



Remediation: Configure a master key to be used with the AES password encryption feature. The key
can contain between 16 and 32 alphanumeric characters
switch# key config-key ascii
New Master Key:
Retype Master Key:
switch(config)# feature password encryption aes

.