.rule_1_1_4_3_network_accounting

Reference: 5/system-security/configuration/guide/b-system-security-cg-asr9000-
75x/configuring-aaa-services.html
nd/reference/b-system-security-cr-asr9k/b-system-security-cr-71x-
asr9k_chapter_01.html#wp1912054943

Remediation: Configure an accounting list which includes the tacacs+ or radius server group, that was
defined in the prerequisites or local or both:
aaa accounting network default start-stop group {tacacs_group|radius_group}

.