.rule_6_10_1_2_ensure_ssh_is_restricted_to_version_2

Reference: Agency (NSA)
Basics Guide, Juniper Networks
(http://www.juniper.net/techpubs/en_US/junos9.5/information-products/topic-
collections/swconfig-system-basics/ssh-services-configuring.html)

Remediation: To restrict SSH to Version 2 only, issue the following command from the [edit system
service ssh] hierarchy:
[edit system services ssh]
user@host#set protocol-version v2

.