.rule_6_10_1_13_ensure_ssh_key_authentication_is_disabled

Reference: tion-statement/no-public-keys-edit-system-services.html

Remediation: To disable the use of SSH Key based Authentication, issue the following command from the
[edit system service ssh] hierarchy:
[edit system services ssh]
user@host# set no-public-keys

.