.rule_6_10_1_4_ensure_ssh_rate_limit_is_configured

Reference: Agency (NSA)
Basics Guide, Juniper Networks
(http://www.juniper.net/techpubs/en_US/junos9.5/information-products/topic-
collections/swconfig-system-basics/ssh-services-configuring.html)

Remediation: To restrict concurrent SSH connections, issue the following command from the [edit
system] hierarchy;
[edit system]
user@host#set services ssh rate-limit <limit>





.