.rule_3_15_ensure_accept_domain_name_over_tcp_zone_transfer_is_not_enabled

Reference: 
Remediation: Go to the following path and Configured the Accept Accept Domain Name over TCP (Zone
Transfer).
SmartConsole > Gateways & Servers > select each Gateway > Firewall
Unchecked the Accept Accept Domain Name over TCP (Zone Transfer)





.