.rule_3_16_ensure_accept_domain_name_over_udp_queries_is_not_enabled

Reference: 
Remediation: Go to the following path and Configured the Accept Accept Domain Name over UDP
(Queries).
SmartConsole > Gateways & Servers > select each Gateway > Firewall
Unchecked the Accept Accept Domain Name over UDP (Queries)






.