.rule_1_4_2_set_buffer_size

Reference: 4/system-monitoring/configuration/guide/b-system-monitoring-cg-asr9000-64x/b-
system-monitoring-cg-asr9000-64x_chapter_0101.html

Remediation: Configure buffered logging (with minimum size). Recommended size is 64000.

IOSXR(config)#logging buffered {logging_buffer_size}

.