.rule_1_4_7_set_logging_source_interface

Reference: 4/system-monitoring/configuration/guide/b-system-monitoring-cg-asr9000-64x/b-
system-monitoring-cg-asr9000-64x_chapter_0101.html



Remediation: Bind logging to the loopback interface.

IOSXR(config)#logging source-interface {logging_source_interface}

.