.rule_6_5_4_ensure_tcp_syn_fin_is_set_to_drop

Reference: System Basics Configuration Guide, Juniper Networks
(https://www.juniper.net/techpubs/software/junos/junos93/swconfig-system-
basics/configuring-the-router-to-drop-packets-with-the-syn-and-fin-bits-
set.html#id-10938681)

Remediation: Configure the router to drop TCP Segments containing both SYN and FIN flags by issuing
the following command from the [edit system internet-options] hierarchy.
[edit system internet-options]
user@host#set tcp-drop-synfin-set

.