.rule_1_4_1_2_ensure_local_username_and_password_is_set

Reference: l/asa_91_general_config/aaa_local.html

Remediation: Run the following to set a local username and password.
hostname(config)#username <local_username> password <local_password>
privilege <level>



The privilege level is chosen between 0 and 15. If the privilege is not configured, the default
one is 2.

.