.rule_3_10_ensure_inbound_firewall_filter_is_set_for_loopback_interface

Reference: Security Agency (NSA)

Remediation: To apply a firewall filter to the loopback interface enter the following command from the
[edit interfaces] hierarchy:
[edit interfaces]
user@host#set lo0 unit 0 family inet filter input <filter name>

.