.rule_3_7_ensure_icmp_redirects_are_set_to_disabled_on_all_untrusted_ipv6_networks

Reference: tion-statement/no-redirects-ipv6-edit-system-interfaces-ex-series.html

Remediation: To disable ICMP Redirect message generation on an untrusted network interface, issue the
following command from the [edit interfaces] hierarchy;
[edit interfaces]
user@host#set <interface name> unit <unit number> family <address family> no-
redirects

.